Command: /home/phong/.espressif/python_env/idf6.0_py3.13_env/bin/python /home/phong/esp-idf/tools/idf_monitor.py -p /dev/ttyUSB0 -b 115200 --toolchain-prefix xtensa-esp32-elf- --target esp32 --revision 0 /home/phong/massage_pro_x1/build/massage_pro_x1.elf /home/phong/massage_pro_x1/build/bootloader/bootloader.elf -m '/home/phong/.espressif/python_env/idf6.0_py3.13_env/bin/python' '/home/phong/esp-idf/tools/idf.py'
ï¿½ï¿½Cï¿½ets Jul 29 2019 12:21:46

rst:0x1 (POWERON_RESET),boot:0x13 (SPI_FAST_FLASH_BOOT)
configsip: 0, SPIWP:0xee
clk_drv:0x00,q_drv:0x00,d_drv:0x00,cs0_drv:0x00,hd_drv:0x00,wp_drv:0x00
mode:DIO, clock div:2
load:0x3fff0040,len:6376
load:0x40078000,len:15900
ho 0 tail 12 room 4
load:0x40080400,len:3920
entry 0x40080644
[0;32mI (29) boot: ESP-IDF v6.0-dev-2594-g25c40d4563-dirty 2nd stage bootloader[0m
[0;32mI (29) boot: compile time Nov 19 2025 23:29:08[0m
[0;32mI (29) boot: Multicore bootloader[0m
[0;32mI (33) boot: chip revision: v3.1[0m
[0;32mI (36) boot.esp32: SPI Speed      : 40MHz[0m
[0;32mI (39) boot.esp32: SPI Mode       : DIO[0m
[0;32mI (43) boot.esp32: SPI Flash Size : 2MB[0m
[0;32mI (46) boot: Enabling RNG early entropy source...[0m
[0;32mI (51) boot: Partition Table:[0m
[0;32mI (53) boot: ## Label            Usage          Type ST Offset   Length[0m
[0;32mI (60) boot:  0 nvs              WiFi data        01 02 00009000 00006000[0m
[0;32mI (66) boot:  1 phy_init         RF data          01 01 0000f000 00001000[0m
[0;32mI (73) boot:  2 factory          factory app      00 00 00010000 00100000[0m
[0;32mI (79) boot: End of partition table[0m
[0;32mI (83) esp_image: segment 0: paddr=00010020 vaddr=3f400020 size=1e2f0h (123632) map[0m
[0;32mI (134) esp_image: segment 1: paddr=0002e318 vaddr=3ffbdb60 size=01d00h (  7424) load[0m
[0;32mI (137) esp_image: segment 2: paddr=00030020 vaddr=400d0020 size=722b4h (467636) map[0m
[0;32mI (305) esp_image: segment 3: paddr=000a22dc vaddr=3ffbf860 size=02ec0h ( 11968) load[0m
[0;32mI (310) esp_image: segment 4: paddr=000a51a4 vaddr=40080000 size=15b40h ( 88896) load[0m
[0;32mI (346) esp_image: segment 5: paddr=000bacec vaddr=50000000 size=00024h (    36) load[0m
[0;32mI (357) boot: Loaded app from partition at offset 0x10000[0m
[0;32mI (357) boot: Disabling RNG early entropy source...[0m
[0;32mI (368) cpu_start: Multicore app[0m
[0;32mI (376) cpu_start: GPIO 3 and 1 are used as console UART I/O pins[0m
[0;32mI (376) cpu_start: Pro cpu start user code[0m
[0;32mI (376) cpu_start: cpu freq: 160000000 Hz[0m
[0;32mI (378) app_init: Application information:[0m
[0;32mI (382) app_init: Project name:     massage_pro_x1[0m
[0;32mI (387) app_init: App version:      1[0m
[0;32mI (390) app_init: Compile time:     Nov 19 2025 23:28:24[0m
[0;32mI (395) app_init: ELF file SHA256:  d771eb35c...[0m
[0;32mI (399) app_init: ESP-IDF:          v6.0-dev-2594-g25c40d4563-dirty[0m
[0;32mI (405) efuse_init: Min chip rev:     v0.0[0m
[0;32mI (409) efuse_init: Max chip rev:     v3.99 [0m
[0;32mI (413) efuse_init: Chip rev:         v3.1[0m
[0;32mI (417) heap_init: Initializing. RAM available for dynamic allocation:[0m
[0;32mI (423) heap_init: At 3FFAFF10 len 000000F0 (0 KiB): DRAM[0m
[0;32mI (428) heap_init: At 3FFB6388 len 00001C78 (7 KiB): DRAM[0m
[0;32mI (433) heap_init: At 3FFB9A20 len 00004108 (16 KiB): DRAM[0m
[0;32mI (439) heap_init: At 3FFC6E80 len 00019180 (100 KiB): DRAM[0m
[0;32mI (444) heap_init: At 3FFE0440 len 00003AE0 (14 KiB): D/IRAM[0m
[0;32mI (449) heap_init: At 3FFE4350 len 0001BCB0 (111 KiB): D/IRAM[0m
[0;32mI (455) heap_init: At 40095B40 len 0000A4C0 (41 KiB): IRAM[0m
[0;32mI (462) spi_flash: detected chip: boya[0m
[0;32mI (464) spi_flash: flash io: dio[0m
[0;33mW (466) spi_flash: Detected size(4096k) larger than the size in the binary image header(2048k). Using the size in the binary image header.[0m
[0;32mI (480) coexist: coex firmware version: b0bcc39[0m
[0;32mI (484) main_task: Started on CPU0[0m
[0;32mI (494) main_task: Calling app_main()[0m
[0;32mI (504) BTDM_INIT: BT controller compile version [7bc9d6a][0m
[0;32mI (504) BTDM_INIT: Using main XTAL as clock source[0m
[0;32mI (504) BTDM_INIT: Bluetooth MAC: d4:e9:f4:8a:9a:ca[0m
[0;32mI (514) phy_init: phy_version 4861,b71b5ad,Aug  5 2025,11:16:06[0m
[0;33mW (514) phy_init: failed to load RF calibration data (0x1102), falling back to full calibration[0m
[0;32mI (594) phy_init: Saving new calibration data due to checksum failure or outdated calibration data, mode(2)[0m
[0;32mI (934) MASSAGE_BLE: BLE GATT Server initialized[0m
[0;32mI (934) MASSAGE_BLE: Service UUID: 12345678-1234-5678-1234-56789abcdef0[0m
[0;32mI (934) MASSAGE_BLE: Char UUID: abcdef01-1234-5678-1234-56789abcdef0[0m
[0;32mI (954) MASSAGE_BLE: GATT server registered, app_id 0000[0m
[0;33mW (964) BT_BTM: BTM_BleWriteAdvData, Partial data write into ADV[0m
[0;32mI (964) main_task: Returned from app_main()[0m
[0;32mI (974) MASSAGE_BLE: Service created, status 0, service_handle 40[0m
[0;32mI (994) MASSAGE_BLE: Advertising started[0m
[0;32mI (994) MASSAGE_BLE: Characteristic added, status 0, attr_handle 42[0m
[0;32mI (994) MASSAGE_BLE: Char UUID: abcdef01-1234-5678-1234-56789abcdef0[0m
[0;32mI (924) MASSAGE_BLE: GATT server registered, app_id 0000[0m
[0;33mW (924) BT_BTM: BTM_BleWriteAdvData, Partial data write into ADV[0m
[0;32mI (924) MASSAGE_BLE: BLE GATT Server initialized[0m
[0;32mI (924) MASSAGE_BLE: Service UUID: 12345678-1234-5678-1234-56789abcdef0[0m
[0;32mI (934) MASSAGE_BLE: Service created, status 0, service_handle 40[0m
[0;32mI (944) MASSAGE_BLE: Char UUID: abcdef01-1234-5678-1234-56789abcdef0[0m
[0;32mI (944) main_task: Returned from app_main()[0m
[0;32mI (954) MASSAGE_BLE: Advertising started[0m
[0;32mI (954) MASSAGE_BLE: Characteristic added, status 0, attr_handle 42[0m
[0;32mI (954) MASSAGE_BLE: Char UUID: abcdef01-1234-5678-1234-56789abcdef0[0m
[0;32mI (13494) MASSAGE_BLE: Device connected, conn_id 0[0m
[0;32mI (13584) MASSAGE_BLE: Security request[0m
[0;33mW (18704) BT_APPL: bta_dm_ble_smp_cback remove bond,rsn 89, BDA:0x4A4882255CD7[0m
[0;33mW (18704) BT_BTC: btc_dm_ble_auth_cmpl_evt, remove bond in flash bd_addr: 4a4882255cd7[0m
[0;32mI (18714) MASSAGE_BLE: Authentication complete, status: 0[0m
[0;33mW (21704) BT_HCI: hci cmd send: disconnect: hdl 0x0, rsn:0x13[0m
[0;33mW (21704) BT_BTM: btm_sec_clr_temp_auth_service() - no dev CB[0m

[0;32mI (21714) MASSAGE_BLE: Device disconnected, reason: 0x16[0m
[0;32mI (21734) MASSAGE_BLE: Advertising started[0m
[1;31mE (21744) BT_BTM: Device not found[0m

[0;33mW (21744) BT_HCI: hcif disc complete: hdl 0x0, rsn 0x13 dev_find 1[0m
[0;32mI (924) MASSAGE_BLE: GATT server registered, app_id 0000[0m
[0;33mW (924) BT_BTM: BTM_BleWriteAdvData, Partial data write into ADV[0m
[0;32mI (924) MASSAGE_BLE: BLE GATT Server initialized[0m
[0;32mI (924) MASSAGE_BLE: Service UUID: 12345678-1234-5678-1234-56789abcdef0[0m
[0;32mI (934) MASSAGE_BLE: Service created, status 0, service_handle 40[0m
[0;32mI (934) MASSAGE_BLE: Char UUID: abcdef01-1234-5678-1234-56789abcdef0[0m
[0;32mI (944) main_task: Returned from app_main()[0m
[0;32mI (954) MASSAGE_BLE: Advertising started[0m
[0;32mI (954) MASSAGE_BLE: Characteristic added, status 0, attr_handle 42[0m
[0;32mI (954) MASSAGE_BLE: Char UUID: abcdef01-1234-5678-1234-56789abcdef0[0m
[0;32mI (15454) MASSAGE_BLE: Device connected, conn_id 0[0m
[0;33mW (25004) BT_HCI: hcif disc complete: hdl 0x0, rsn 0x13 dev_find 1[0m
[0;32mI (25004) MASSAGE_BLE: Device disconnected, reason: 0x13[0m
[0;32mI (25024) MASSAGE_BLE: Advertising started[0m
[0;32mI (37424) MASSAGE_BLE: Device connected, conn_id 0[0m
[0;32mI (37504) MASSAGE_BLE: Security request[0m
[0;33mW (39854) BT_SMP: FOR LE SC LTK IS USED INSTEAD OF STK[0m
[0;32mI (40214) MASSAGE_BLE: Authentication complete, status: 1[0m
[0;32mI (55344) MASSAGE_BLE: Write event, handle 42, len 2[0m
[0;32mI (55344) MASSAGE_BLE: Command received on control characteristic[0m
[0;32mI (55344) MASSAGE_BLE: Speed Level: 2[0m
[0;32mI (56814) MASSAGE_BLE: Write event, handle 42, len 2[0m
[0;32mI (56814) MASSAGE_BLE: Command received on control characteristic[0m
[0;32mI (56814) MASSAGE_BLE: Speed Level: 1[0m
[0;33mW (65214) BT_HCI: hcif disc complete: hdl 0x0, rsn 0x13 dev_find 1[0m
[0;32mI (65214) MASSAGE_BLE: Device disconnected, reason: 0x13[0m
[0;32mI (65224) MASSAGE_BLE: Advertising started[0m
